---
http_interactions:
- request:
    method: post
    uri: https://api.stripe.com/v1/payment_methods
    body:
      encoding: UTF-8
      string: type=card&card[number]=4242424242424242&card[exp_month]=4&card[exp_year]=2024&card[cvc]=314
    headers:
      User-Agent:
      - Stripe/v1 RubyBindings/5.29.0
      Authorization:
      - Bearer sk_test_testfaketestfaketestfake
      Content-Type:
      - application/x-www-form-urlencoded
      Stripe-Version:
      - '2019-08-14'
      X-Stripe-Client-User-Agent:
      - '{"bindings_version":"5.29.0","lang":"ruby","lang_version":"2.6.10 p210 (2022-04-12)","platform":"x86_64-linux","engine":"ruby","publisher":"stripe","uname":"Linux
        version 6.2.5-arch1-1 (linux@archlinux) (gcc (GCC) 12.2.1 20230201, GNU ld
        (GNU Binutils) 2.40) #1 SMP PREEMPT_DYNAMIC Sat, 11 Mar 2023 14:28:13 +0000","hostname":"Sylvain-desktop"}'
      Accept-Encoding:
      - gzip;q=1.0,deflate;q=0.6,identity;q=0.3
      Accept:
      - "*/*"
  response:
    status:
      code: 200
      message: OK
    headers:
      Server:
      - nginx
      Date:
      - Wed, 15 Mar 2023 11:51:46 GMT
      Content-Type:
      - application/json
      Content-Length:
      - '930'
      Connection:
      - keep-alive
      Access-Control-Allow-Credentials:
      - 'true'
      Access-Control-Allow-Methods:
      - GET, POST, HEAD, OPTIONS, DELETE
      Access-Control-Allow-Origin:
      - "*"
      Access-Control-Expose-Headers:
      - Request-Id, Stripe-Manage-Version, X-Stripe-External-Auth-Required, X-Stripe-Privileged-Session-Required
      Access-Control-Max-Age:
      - '300'
      Cache-Control:
      - no-cache, no-store
      Idempotency-Key:
      - 4a6e0351-64bd-4ede-a018-7c03e320c3f5
      Original-Request:
      - req_njTGdMZNpa6wpG
      Request-Id:
      - req_njTGdMZNpa6wpG
      Stripe-Should-Retry:
      - 'false'
      Stripe-Version:
      - '2019-08-14'
      Strict-Transport-Security:
      - max-age=63072000; includeSubDomains; preload
    body:
      encoding: UTF-8
      string: |-
        {
          "id": "pm_1Mlsru2sOmf47Nz9s3VNHXYt",
          "object": "payment_method",
          "billing_details": {
            "address": {
              "city": null,
              "country": null,
              "line1": null,
              "line2": null,
              "postal_code": null,
              "state": null
            },
            "email": null,
            "name": null,
            "phone": null
          },
          "card": {
            "brand": "visa",
            "checks": {
              "address_line1_check": null,
              "address_postal_code_check": null,
              "cvc_check": "unchecked"
            },
            "country": "US",
            "exp_month": 4,
            "exp_year": 2024,
            "fingerprint": "o52jybR7bnmNn6AT",
            "funding": "credit",
            "generated_from": null,
            "last4": "4242",
            "networks": {
              "available": [
                "visa"
              ],
              "preferred": null
            },
            "three_d_secure_usage": {
              "supported": true
            },
            "wallet": null
          },
          "created": 1678881106,
          "customer": null,
          "livemode": false,
          "metadata": {},
          "type": "card"
        }
  recorded_at: Wed, 15 Mar 2023 11:51:46 GMT
- request:
    method: post
    uri: https://api.stripe.com/v1/payment_intents
    body:
      encoding: UTF-8
      string: payment_method=pm_1Mlsru2sOmf47Nz9s3VNHXYt&amount=1500&currency=usd&confirmation_method=manual&confirm=true&customer=cus_8CzHcwBJtlA3IL
    headers:
      User-Agent:
      - Stripe/v1 RubyBindings/5.29.0
      Authorization:
      - Bearer sk_test_testfaketestfaketestfake
      Content-Type:
      - application/x-www-form-urlencoded
      X-Stripe-Client-Telemetry:
      - '{"last_request_metrics":{"request_id":"req_njTGdMZNpa6wpG","request_duration_ms":581}}'
      Stripe-Version:
      - '2019-08-14'
      X-Stripe-Client-User-Agent:
      - '{"bindings_version":"5.29.0","lang":"ruby","lang_version":"2.6.10 p210 (2022-04-12)","platform":"x86_64-linux","engine":"ruby","publisher":"stripe","uname":"Linux
        version 6.2.5-arch1-1 (linux@archlinux) (gcc (GCC) 12.2.1 20230201, GNU ld
        (GNU Binutils) 2.40) #1 SMP PREEMPT_DYNAMIC Sat, 11 Mar 2023 14:28:13 +0000","hostname":"Sylvain-desktop"}'
      Accept-Encoding:
      - gzip;q=1.0,deflate;q=0.6,identity;q=0.3
      Accept:
      - "*/*"
  response:
    status:
      code: 200
      message: OK
    headers:
      Server:
      - nginx
      Date:
      - Wed, 15 Mar 2023 11:51:48 GMT
      Content-Type:
      - application/json
      Content-Length:
      - '4517'
      Connection:
      - keep-alive
      Access-Control-Allow-Credentials:
      - 'true'
      Access-Control-Allow-Methods:
      - GET, POST, HEAD, OPTIONS, DELETE
      Access-Control-Allow-Origin:
      - "*"
      Access-Control-Expose-Headers:
      - Request-Id, Stripe-Manage-Version, X-Stripe-External-Auth-Required, X-Stripe-Privileged-Session-Required
      Access-Control-Max-Age:
      - '300'
      Cache-Control:
      - no-cache, no-store
      Idempotency-Key:
      - f50a36a7-97b5-4d67-9c77-43b5cbddccbe
      Original-Request:
      - req_EocoIWBH6tucS4
      Request-Id:
      - req_EocoIWBH6tucS4
      Stripe-Should-Retry:
      - 'false'
      Stripe-Version:
      - '2019-08-14'
      Strict-Transport-Security:
      - max-age=63072000; includeSubDomains; preload
    body:
      encoding: UTF-8
      string: |-
        {
          "id": "pi_3Mlsrv2sOmf47Nz91hRe49rq",
          "object": "payment_intent",
          "amount": 1500,
          "amount_capturable": 0,
          "amount_details": {
            "tip": {}
          },
          "amount_received": 1500,
          "application": null,
          "application_fee_amount": null,
          "automatic_payment_methods": null,
          "canceled_at": null,
          "cancellation_reason": null,
          "capture_method": "automatic",
          "charges": {
            "object": "list",
            "data": [
              {
                "id": "ch_3Mlsrv2sOmf47Nz91760imzX",
                "object": "charge",
                "amount": 1500,
                "amount_captured": 1500,
                "amount_refunded": 0,
                "application": null,
                "application_fee": null,
                "application_fee_amount": null,
                "balance_transaction": "txn_3Mlsrv2sOmf47Nz915VOM7IM",
                "billing_details": {
                  "address": {
                    "city": null,
                    "country": null,
                    "line1": null,
                    "line2": null,
                    "postal_code": null,
                    "state": null
                  },
                  "email": null,
                  "name": null,
                  "phone": null
                },
                "calculated_statement_descriptor": "Stripe",
                "captured": true,
                "created": 1678881107,
                "currency": "usd",
                "customer": "cus_8CzHcwBJtlA3IL",
                "description": null,
                "destination": null,
                "dispute": null,
                "disputed": false,
                "failure_balance_transaction": null,
                "failure_code": null,
                "failure_message": null,
                "fraud_details": {},
                "invoice": null,
                "livemode": false,
                "metadata": {},
                "on_behalf_of": null,
                "order": null,
                "outcome": {
                  "network_status": "approved_by_network",
                  "reason": null,
                  "risk_level": "normal",
                  "risk_score": 7,
                  "seller_message": "Payment complete.",
                  "type": "authorized"
                },
                "paid": true,
                "payment_intent": "pi_3Mlsrv2sOmf47Nz91hRe49rq",
                "payment_method": "pm_1Mlsru2sOmf47Nz9s3VNHXYt",
                "payment_method_details": {
                  "card": {
                    "brand": "visa",
                    "checks": {
                      "address_line1_check": null,
                      "address_postal_code_check": null,
                      "cvc_check": "pass"
                    },
                    "country": "US",
                    "exp_month": 4,
                    "exp_year": 2024,
                    "fingerprint": "o52jybR7bnmNn6AT",
                    "funding": "credit",
                    "installments": null,
                    "last4": "4242",
                    "mandate": null,
                    "network": "visa",
                    "three_d_secure": null,
                    "wallet": null
                  },
                  "type": "card"
                },
                "receipt_email": null,
                "receipt_number": null,
                "receipt_url": "https://pay.stripe.com/receipts/payment/CAcaFwoVYWNjdF8xMDNyRTYyc09tZjQ3Tno5KNTixqAGMgYuj2m72sQ6LBbKXya9pk9SHbdsAtPEkvHFS51bMvmjrLtHgTEs1uQ8YSkOpfxQRpKaC0PP",
                "refunded": false,
                "refunds": {
                  "object": "list",
                  "data": [],
                  "has_more": false,
                  "total_count": 0,
                  "url": "/v1/charges/ch_3Mlsrv2sOmf47Nz91760imzX/refunds"
                },
                "review": null,
                "shipping": null,
                "source": null,
                "source_transfer": null,
                "statement_descriptor": null,
                "statement_descriptor_suffix": null,
                "status": "succeeded",
                "transfer_data": null,
                "transfer_group": null
              }
            ],
            "has_more": false,
            "total_count": 1,
            "url": "/v1/charges?payment_intent=pi_3Mlsrv2sOmf47Nz91hRe49rq"
          },
          "client_secret": "pi_3Mlsrv2sOmf47Nz91hRe49rq_secret_gLvEqjCexLXGNWDLb7g2NpnfB",
          "confirmation_method": "manual",
          "created": 1678881107,
          "currency": "usd",
          "customer": "cus_8CzHcwBJtlA3IL",
          "description": null,
          "invoice": null,
          "last_payment_error": null,
          "latest_charge": "ch_3Mlsrv2sOmf47Nz91760imzX",
          "livemode": false,
          "metadata": {},
          "next_action": null,
          "on_behalf_of": null,
          "payment_method": "pm_1Mlsru2sOmf47Nz9s3VNHXYt",
          "payment_method_options": {
            "card": {
              "installments": null,
              "mandate_options": null,
              "network": null,
              "request_three_d_secure": "automatic"
            }
          },
          "payment_method_types": [
            "card"
          ],
          "processing": null,
          "receipt_email": null,
          "review": null,
          "setup_future_usage": null,
          "shipping": null,
          "source": null,
          "statement_descriptor": null,
          "statement_descriptor_suffix": null,
          "status": "succeeded",
          "transfer_data": null,
          "transfer_group": null
        }
  recorded_at: Wed, 15 Mar 2023 11:51:48 GMT
- request:
    method: post
    uri: https://api.stripe.com/v1/payment_intents/pi_3Mlsrv2sOmf47Nz91hRe49rq
    body:
      encoding: UTF-8
      string: description=Invoice+reference%3A+2303007%2FVL
    headers:
      User-Agent:
      - Stripe/v1 RubyBindings/5.29.0
      Authorization:
      - Bearer sk_test_testfaketestfaketestfake
      Content-Type:
      - application/x-www-form-urlencoded
      X-Stripe-Client-Telemetry:
      - '{"last_request_metrics":{"request_id":"req_EocoIWBH6tucS4","request_duration_ms":1593}}'
      Stripe-Version:
      - '2019-08-14'
      X-Stripe-Client-User-Agent:
      - '{"bindings_version":"5.29.0","lang":"ruby","lang_version":"2.6.10 p210 (2022-04-12)","platform":"x86_64-linux","engine":"ruby","publisher":"stripe","uname":"Linux
        version 6.2.5-arch1-1 (linux@archlinux) (gcc (GCC) 12.2.1 20230201, GNU ld
        (GNU Binutils) 2.40) #1 SMP PREEMPT_DYNAMIC Sat, 11 Mar 2023 14:28:13 +0000","hostname":"Sylvain-desktop"}'
      Accept-Encoding:
      - gzip;q=1.0,deflate;q=0.6,identity;q=0.3
      Accept:
      - "*/*"
  response:
    status:
      code: 200
      message: OK
    headers:
      Server:
      - nginx
      Date:
      - Wed, 15 Mar 2023 11:51:49 GMT
      Content-Type:
      - application/json
      Content-Length:
      - '4544'
      Connection:
      - keep-alive
      Access-Control-Allow-Credentials:
      - 'true'
      Access-Control-Allow-Methods:
      - GET, POST, HEAD, OPTIONS, DELETE
      Access-Control-Allow-Origin:
      - "*"
      Access-Control-Expose-Headers:
      - Request-Id, Stripe-Manage-Version, X-Stripe-External-Auth-Required, X-Stripe-Privileged-Session-Required
      Access-Control-Max-Age:
      - '300'
      Cache-Control:
      - no-cache, no-store
      Idempotency-Key:
      - 75c78d8d-9df1-4bb7-af1b-7de3aeaa7056
      Original-Request:
      - req_MQd4Z7i8cW9FYF
      Request-Id:
      - req_MQd4Z7i8cW9FYF
      Stripe-Should-Retry:
      - 'false'
      Stripe-Version:
      - '2019-08-14'
      Strict-Transport-Security:
      - max-age=63072000; includeSubDomains; preload
    body:
      encoding: UTF-8
      string: |-
        {
          "id": "pi_3Mlsrv2sOmf47Nz91hRe49rq",
          "object": "payment_intent",
          "amount": 1500,
          "amount_capturable": 0,
          "amount_details": {
            "tip": {}
          },
          "amount_received": 1500,
          "application": null,
          "application_fee_amount": null,
          "automatic_payment_methods": null,
          "canceled_at": null,
          "cancellation_reason": null,
          "capture_method": "automatic",
          "charges": {
            "object": "list",
            "data": [
              {
                "id": "ch_3Mlsrv2sOmf47Nz91760imzX",
                "object": "charge",
                "amount": 1500,
                "amount_captured": 1500,
                "amount_refunded": 0,
                "application": null,
                "application_fee": null,
                "application_fee_amount": null,
                "balance_transaction": "txn_3Mlsrv2sOmf47Nz915VOM7IM",
                "billing_details": {
                  "address": {
                    "city": null,
                    "country": null,
                    "line1": null,
                    "line2": null,
                    "postal_code": null,
                    "state": null
                  },
                  "email": null,
                  "name": null,
                  "phone": null
                },
                "calculated_statement_descriptor": "Stripe",
                "captured": true,
                "created": 1678881107,
                "currency": "usd",
                "customer": "cus_8CzHcwBJtlA3IL",
                "description": null,
                "destination": null,
                "dispute": null,
                "disputed": false,
                "failure_balance_transaction": null,
                "failure_code": null,
                "failure_message": null,
                "fraud_details": {},
                "invoice": null,
                "livemode": false,
                "metadata": {},
                "on_behalf_of": null,
                "order": null,
                "outcome": {
                  "network_status": "approved_by_network",
                  "reason": null,
                  "risk_level": "normal",
                  "risk_score": 7,
                  "seller_message": "Payment complete.",
                  "type": "authorized"
                },
                "paid": true,
                "payment_intent": "pi_3Mlsrv2sOmf47Nz91hRe49rq",
                "payment_method": "pm_1Mlsru2sOmf47Nz9s3VNHXYt",
                "payment_method_details": {
                  "card": {
                    "brand": "visa",
                    "checks": {
                      "address_line1_check": null,
                      "address_postal_code_check": null,
                      "cvc_check": "pass"
                    },
                    "country": "US",
                    "exp_month": 4,
                    "exp_year": 2024,
                    "fingerprint": "o52jybR7bnmNn6AT",
                    "funding": "credit",
                    "installments": null,
                    "last4": "4242",
                    "mandate": null,
                    "network": "visa",
                    "three_d_secure": null,
                    "wallet": null
                  },
                  "type": "card"
                },
                "receipt_email": null,
                "receipt_number": null,
                "receipt_url": "https://pay.stripe.com/receipts/payment/CAcaFwoVYWNjdF8xMDNyRTYyc09tZjQ3Tno5KNXixqAGMgYPhCqQTfg6LBaYDHIkkSjReWHiH0dGP8uhn2RZUgWlfTBRya6YV380PXzkqIYppHOEGGj9",
                "refunded": false,
                "refunds": {
                  "object": "list",
                  "data": [],
                  "has_more": false,
                  "total_count": 0,
                  "url": "/v1/charges/ch_3Mlsrv2sOmf47Nz91760imzX/refunds"
                },
                "review": null,
                "shipping": null,
                "source": null,
                "source_transfer": null,
                "statement_descriptor": null,
                "statement_descriptor_suffix": null,
                "status": "succeeded",
                "transfer_data": null,
                "transfer_group": null
              }
            ],
            "has_more": false,
            "total_count": 1,
            "url": "/v1/charges?payment_intent=pi_3Mlsrv2sOmf47Nz91hRe49rq"
          },
          "client_secret": "pi_3Mlsrv2sOmf47Nz91hRe49rq_secret_gLvEqjCexLXGNWDLb7g2NpnfB",
          "confirmation_method": "manual",
          "created": 1678881107,
          "currency": "usd",
          "customer": "cus_8CzHcwBJtlA3IL",
          "description": "Invoice reference: 2303007/VL",
          "invoice": null,
          "last_payment_error": null,
          "latest_charge": "ch_3Mlsrv2sOmf47Nz91760imzX",
          "livemode": false,
          "metadata": {},
          "next_action": null,
          "on_behalf_of": null,
          "payment_method": "pm_1Mlsru2sOmf47Nz9s3VNHXYt",
          "payment_method_options": {
            "card": {
              "installments": null,
              "mandate_options": null,
              "network": null,
              "request_three_d_secure": "automatic"
            }
          },
          "payment_method_types": [
            "card"
          ],
          "processing": null,
          "receipt_email": null,
          "review": null,
          "setup_future_usage": null,
          "shipping": null,
          "source": null,
          "statement_descriptor": null,
          "statement_descriptor_suffix": null,
          "status": "succeeded",
          "transfer_data": null,
          "transfer_group": null
        }
  recorded_at: Wed, 15 Mar 2023 11:51:49 GMT
recorded_with: VCR 6.0.0
